// Jest Snapshot v1, https://goo.gl/fbAQLP

exports[`Collapsible renders closed by default 1`] = `"Test Title"`;
