// Jest Snapshot v1, https://goo.gl/fbAQLP

exports[`HelloWave renders correctly 1`] = `"ðŸ‘‹"`;
