// Jest Snapshot v1, https://goo.gl/fbAQLP

exports[`ParallaxScrollView renders correctly 1`] = `null`;
